<?xml version="1.0" encoding="UTF-8"?>
<TestRun id="aee4318b-24a5-4da8-9573-4c5f04fba3f8" name="Student@10266A-GEN-DEV 2022-06-29 01:26:45" runUser="10266A-GEN-DEV\Student" xmlns="http://microsoft.com/schemas/VisualStudio/TeamTest/2010">
  <TestSettings name="Local" id="d091077b-0f37-40bc-9f73-bce729aa63a3">
    <Description>These are default test settings for a local test run.</Description>
    <Deployment enabled="false" runDeploymentRoot="Student_10266A-GEN-DEV 2022-06-29 01_26_45">
      <DeploymentItem filename="E:\Labfiles\Lab 3\Ex3\Starter\GreatestCommonDivisor\bin\Debug\Module3.exe" />
    </Deployment>
    <Execution>
      <TestTypeSpecific />
      <AgentRule name="Execution Agents">
      </AgentRule>
    </Execution>
  </TestSettings>
  <Times creation="2022-06-29T01:26:45.0742187-07:00" queuing="2022-06-29T01:26:45.4736328-07:00" start="2022-06-29T01:26:45.4980468-07:00" finish="2022-06-29T01:26:45.6376953-07:00" />
  <ResultSummary outcome="Failed">
    <Counters total="1" executed="1" error="0" failed="1" timeout="0" aborted="0" inconclusive="0" passedButRunAborted="0" notRunnable="0" notExecuted="0" disconnected="0" warning="0" passed="0" completed="0" inProgress="0" pending="0" />
  </ResultSummary>
  <TestDefinitions>
    <UnitTest name="FindGCDSteinTest" storage="e:\labfiles\lab 3\ex3\starter\gcd unit test project\bin\debug\module 3 unit test project.dll" id="c7a1273d-67c3-abd7-b6bf-fab57df68e23">
      <Execution id="0d1c021a-a31f-4ab3-af7d-ddf65d46b462" />
      <TestMethod codeBase="E:/Labfiles/Lab 3/Ex3/Starter/GCD Unit Test Project/bin/Debug/Module 3 Unit Test Project.DLL" adapterTypeName="Microsoft.VisualStudio.TestTools.TestTypes.Unit.UnitTestAdapter, Microsoft.VisualStudio.QualityTools.Tips.UnitTest.Adapter, Version=10.0.0.0, Culture=neutral, PublicKeyToken=b03f5f7f11d50a3a" className="Module_3_Unit_Test_Project.GCDAlgorithmsTest, Module 3 Unit Test Project, Version=1.0.0.0, Culture=neutral, PublicKeyToken=null" name="FindGCDSteinTest" />
    </UnitTest>
  </TestDefinitions>
  <TestLists>
    <TestList name="Results Not in a List" id="8c84fa94-04c1-424b-9868-57a2d4851a1d" />
    <TestList name="All Loaded Results" id="19431567-8539-422a-85d7-44ee4e166bda" />
  </TestLists>
  <TestEntries>
    <TestEntry testId="c7a1273d-67c3-abd7-b6bf-fab57df68e23" executionId="0d1c021a-a31f-4ab3-af7d-ddf65d46b462" testListId="8c84fa94-04c1-424b-9868-57a2d4851a1d" />
  </TestEntries>
  <Results>
    <UnitTestResult executionId="0d1c021a-a31f-4ab3-af7d-ddf65d46b462" testId="c7a1273d-67c3-abd7-b6bf-fab57df68e23" testName="FindGCDSteinTest" computerName="10266A-GEN-DEV" duration="00:00:00.0186167" startTime="2022-06-29T01:26:45.5009765-07:00" endTime="2022-06-29T01:26:45.6113281-07:00" testType="13cdc9d9-ddb5-4fa4-a97d-d965ccfc6d4b" outcome="Failed" testListId="8c84fa94-04c1-424b-9868-57a2d4851a1d" relativeResultsDirectory="0d1c021a-a31f-4ab3-af7d-ddf65d46b462">
      <Output>
        <ErrorInfo>
          <Message>Assert.AreEqual failed. Expected:&lt;0&gt;. Actual:&lt;4&gt;. </Message>
          <StackTrace>   at Module_3_Unit_Test_Project.GCDAlgorithmsTest.FindGCDSteinTest() in E:\Labfiles\Lab 3\Ex3\Starter\GCD Unit Test Project\GCDAlgorithmsTest.cs:line 211
</StackTrace>
        </ErrorInfo>
      </Output>
    </UnitTestResult>
  </Results>
</TestRun>